[Mon Feb 08 13:06:05.681085 2021] [php7:error] [pid 27023] [client 112.124.50.80:40063] script '/var/www/camagru-ik.cf/html/jsc.php' not found or unable to stat
[Mon Feb 08 13:06:06.030190 2021] [php7:error] [pid 27023] [client 112.124.50.80:40063] script '/var/www/camagru-ik.cf/html/soga.php' not found or unable to stat
[Mon Feb 08 13:06:06.377692 2021] [php7:error] [pid 27023] [client 112.124.50.80:40063] script '/var/www/camagru-ik.cf/html/in.php' not found or unable to stat
[Mon Feb 08 13:06:06.725924 2021] [php7:error] [pid 27023] [client 112.124.50.80:40063] script '/var/www/camagru-ik.cf/html/zxc1.php' not found or unable to stat
[Mon Feb 08 13:06:07.075433 2021] [php7:error] [pid 27023] [client 112.124.50.80:40063] script '/var/www/camagru-ik.cf/html/zxc0.php' not found or unable to stat
[Mon Feb 08 13:06:07.422447 2021] [php7:error] [pid 27023] [client 112.124.50.80:40063] script '/var/www/camagru-ik.cf/html/zxc1.php' not found or unable to stat
[Mon Feb 08 13:06:07.771117 2021] [php7:error] [pid 27023] [client 112.124.50.80:40063] script '/var/www/camagru-ik.cf/html/zxc2.php' not found or unable to stat
[Mon Feb 08 13:06:08.118065 2021] [php7:error] [pid 27023] [client 112.124.50.80:40063] script '/var/www/camagru-ik.cf/html/indexa.php' not found or unable to stat
[Mon Feb 08 13:06:08.464764 2021] [php7:error] [pid 27023] [client 112.124.50.80:40063] script '/var/www/camagru-ik.cf/html/lx.php' not found or unable to stat
[Mon Feb 08 13:06:08.811381 2021] [php7:error] [pid 27023] [client 112.124.50.80:40063] script '/var/www/camagru-ik.cf/html/cn.php' not found or unable to stat
[Mon Feb 08 13:06:09.157550 2021] [php7:error] [pid 27023] [client 112.124.50.80:40063] script '/var/www/camagru-ik.cf/html/api.php' not found or unable to stat
[Mon Feb 08 13:06:09.505274 2021] [php7:error] [pid 27023] [client 112.124.50.80:40063] script '/var/www/camagru-ik.cf/html/index1.php' not found or unable to stat
[Mon Feb 08 13:06:09.853725 2021] [php7:error] [pid 27023] [client 112.124.50.80:40063] script '/var/www/camagru-ik.cf/html/info.php' not found or unable to stat
[Mon Feb 08 13:06:10.201713 2021] [php7:error] [pid 27023] [client 112.124.50.80:40063] script '/var/www/camagru-ik.cf/html/info1.php' not found or unable to stat
[Mon Feb 08 13:06:10.550373 2021] [php7:error] [pid 27023] [client 112.124.50.80:40063] script '/var/www/camagru-ik.cf/html/aaaaaa1.php' not found or unable to stat
[Mon Feb 08 13:06:12.997494 2021] [php7:error] [pid 27020] [client 112.124.50.80:48511] script '/var/www/camagru-ik.cf/html/test123.php' not found or unable to stat
[Mon Feb 08 13:06:13.358846 2021] [php7:error] [pid 27020] [client 112.124.50.80:48511] script '/var/www/camagru-ik.cf/html/test123.php' not found or unable to stat
[Mon Feb 08 13:06:13.720592 2021] [php7:error] [pid 27020] [client 112.124.50.80:48511] script '/var/www/camagru-ik.cf/html/fb.php' not found or unable to stat
[Mon Feb 08 13:06:14.082158 2021] [php7:error] [pid 27020] [client 112.124.50.80:48511] script '/var/www/camagru-ik.cf/html/paylog.php' not found or unable to stat
[Mon Feb 08 13:06:14.444438 2021] [php7:error] [pid 27020] [client 112.124.50.80:48511] script '/var/www/camagru-ik.cf/html/paylog.php' not found or unable to stat
[Mon Feb 08 13:06:14.807965 2021] [php7:error] [pid 27020] [client 112.124.50.80:48511] script '/var/www/camagru-ik.cf/html/x.php' not found or unable to stat
[Mon Feb 08 13:06:15.945490 2021] [php7:error] [pid 27020] [client 112.124.50.80:48511] script '/var/www/camagru-ik.cf/html/cnm.php' not found or unable to stat
[Mon Feb 08 13:06:16.309894 2021] [php7:error] [pid 27020] [client 112.124.50.80:48511] script '/var/www/camagru-ik.cf/html/test404.php' not found or unable to stat
[Mon Feb 08 13:06:16.672952 2021] [php7:error] [pid 27020] [client 112.124.50.80:48511] script '/var/www/camagru-ik.cf/html/test.php' not found or unable to stat
[Mon Feb 08 13:06:17.039630 2021] [php7:error] [pid 27020] [client 112.124.50.80:48511] script '/var/www/camagru-ik.cf/html/phpinf0.php' not found or unable to stat
[Mon Feb 08 13:06:17.406211 2021] [php7:error] [pid 27020] [client 112.124.50.80:48511] script '/var/www/camagru-ik.cf/html/1ndex.php' not found or unable to stat
[Mon Feb 08 13:06:17.772707 2021] [php7:error] [pid 27020] [client 112.124.50.80:48511] script '/var/www/camagru-ik.cf/html/autoloader.php' not found or unable to stat
[Mon Feb 08 13:06:18.136490 2021] [php7:error] [pid 27020] [client 112.124.50.80:48511] script '/var/www/camagru-ik.cf/html/class1.php' not found or unable to stat
[Mon Feb 08 13:06:18.500501 2021] [php7:error] [pid 27020] [client 112.124.50.80:48511] script '/var/www/camagru-ik.cf/html/test404.php' not found or unable to stat
[Mon Feb 08 13:06:18.861572 2021] [php7:error] [pid 27020] [client 112.124.50.80:48511] script '/var/www/camagru-ik.cf/html/shi.php' not found or unable to stat
[Mon Feb 08 13:06:19.223502 2021] [php7:error] [pid 27020] [client 112.124.50.80:48511] script '/var/www/camagru-ik.cf/html/think.php' not found or unable to stat
[Mon Feb 08 13:06:20.189841 2021] [php7:error] [pid 27020] [client 112.124.50.80:48511] script '/var/www/camagru-ik.cf/html/back.php' not found or unable to stat
[Mon Feb 08 13:06:20.553429 2021] [php7:error] [pid 27020] [client 112.124.50.80:48511] script '/var/www/camagru-ik.cf/html/DJ.php' not found or unable to stat
[Mon Feb 08 13:06:20.919300 2021] [php7:error] [pid 27020] [client 112.124.50.80:48511] script '/var/www/camagru-ik.cf/html/.git.php' not found or unable to stat
[Mon Feb 08 13:06:21.287573 2021] [php7:error] [pid 27020] [client 112.124.50.80:48511] script '/var/www/camagru-ik.cf/html/shipu.php' not found or unable to stat
[Mon Feb 08 13:06:21.652484 2021] [php7:error] [pid 27020] [client 112.124.50.80:48511] script '/var/www/camagru-ik.cf/html/fantao.php' not found or unable to stat
[Mon Feb 08 13:06:22.017300 2021] [php7:error] [pid 27020] [client 112.124.50.80:48511] script '/var/www/camagru-ik.cf/html/config.php' not found or unable to stat
[Mon Feb 08 13:06:22.960965 2021] [php7:error] [pid 27020] [client 112.124.50.80:48511] script '/var/www/camagru-ik.cf/html/config.php' not found or unable to stat
[Mon Feb 08 13:06:23.908143 2021] [php7:error] [pid 27020] [client 112.124.50.80:48511] script '/var/www/camagru-ik.cf/html/Config_Shell.php' not found or unable to stat
[Mon Feb 08 13:06:24.272167 2021] [php7:error] [pid 27020] [client 112.124.50.80:48511] script '/var/www/camagru-ik.cf/html/fdgq.php' not found or unable to stat
[Mon Feb 08 13:06:24.639123 2021] [php7:error] [pid 27020] [client 112.124.50.80:48511] script '/var/www/camagru-ik.cf/html/spread.php' not found or unable to stat
[Mon Feb 08 13:06:25.003720 2021] [php7:error] [pid 27020] [client 112.124.50.80:48511] script '/var/www/camagru-ik.cf/html/1222.php' not found or unable to stat
[Mon Feb 08 13:06:25.950001 2021] [php7:error] [pid 27020] [client 112.124.50.80:48511] script '/var/www/camagru-ik.cf/html/spre.php' not found or unable to stat
[Mon Feb 08 13:06:26.315995 2021] [php7:error] [pid 27020] [client 112.124.50.80:48511] script '/var/www/camagru-ik.cf/html/infosys.php' not found or unable to stat
[Mon Feb 08 13:06:26.683558 2021] [php7:error] [pid 27020] [client 112.124.50.80:48511] script '/var/www/camagru-ik.cf/html/1ndex.php' not found or unable to stat
[Mon Feb 08 13:06:27.646284 2021] [php7:error] [pid 27020] [client 112.124.50.80:48511] script '/var/www/camagru-ik.cf/html/info.php' not found or unable to stat
[Mon Feb 08 13:06:28.011573 2021] [php7:error] [pid 27020] [client 112.124.50.80:48511] script '/var/www/camagru-ik.cf/html/51.php' not found or unable to stat
[Mon Feb 08 13:06:28.379955 2021] [php7:error] [pid 27020] [client 112.124.50.80:48511] script '/var/www/camagru-ik.cf/html/cadre.php' not found or unable to stat
[Mon Feb 08 13:06:28.744510 2021] [php7:error] [pid 27020] [client 112.124.50.80:48511] script '/var/www/camagru-ik.cf/html/mm.php' not found or unable to stat
[Mon Feb 08 13:06:29.107350 2021] [php7:error] [pid 27020] [client 112.124.50.80:48511] script '/var/www/camagru-ik.cf/html/test.php' not found or unable to stat
[Mon Feb 08 13:06:31.779503 2021] [php7:error] [pid 27020] [client 112.124.50.80:48511] script '/var/www/camagru-ik.cf/html/1q.php' not found or unable to stat
[Mon Feb 08 13:06:32.151237 2021] [php7:error] [pid 27020] [client 112.124.50.80:48511] script '/var/www/camagru-ik.cf/html/1111.php' not found or unable to stat
[Mon Feb 08 13:06:32.518648 2021] [php7:error] [pid 27020] [client 112.124.50.80:48511] script '/var/www/camagru-ik.cf/html/errors.php' not found or unable to stat
[Mon Feb 08 13:06:32.884568 2021] [php7:error] [pid 27020] [client 112.124.50.80:48511] script '/var/www/camagru-ik.cf/html/q.php' not found or unable to stat
[Mon Feb 08 13:06:33.251286 2021] [php7:error] [pid 27020] [client 112.124.50.80:48511] script '/var/www/camagru-ik.cf/html/lanyecn.php' not found or unable to stat
[Mon Feb 08 13:06:33.616854 2021] [php7:error] [pid 27020] [client 112.124.50.80:48511] script '/var/www/camagru-ik.cf/html/lanyecn.php' not found or unable to stat
[Mon Feb 08 13:06:33.979733 2021] [php7:error] [pid 27020] [client 112.124.50.80:48511] script '/var/www/camagru-ik.cf/html/mybestloves.php' not found or unable to stat
[Mon Feb 08 13:06:34.341091 2021] [php7:error] [pid 27020] [client 112.124.50.80:48511] script '/var/www/camagru-ik.cf/html/xiaoxi.php' not found or unable to stat
[Mon Feb 08 13:06:34.703876 2021] [php7:error] [pid 27020] [client 112.124.50.80:48511] script '/var/www/camagru-ik.cf/html/xiaoxi.php' not found or unable to stat
[Mon Feb 08 13:06:35.070860 2021] [php7:error] [pid 27020] [client 112.124.50.80:48511] script '/var/www/camagru-ik.cf/html/ww.php' not found or unable to stat
[Mon Feb 08 13:06:35.442072 2021] [php7:error] [pid 27020] [client 112.124.50.80:48511] script '/var/www/camagru-ik.cf/html/pop.php' not found or unable to stat
[Mon Feb 08 13:06:35.807260 2021] [php7:error] [pid 27020] [client 112.124.50.80:48511] script '/var/www/camagru-ik.cf/html/ok.php' not found or unable to stat
[Mon Feb 08 13:06:36.775690 2021] [php7:error] [pid 27020] [client 112.124.50.80:48511] script '/var/www/camagru-ik.cf/html/test.php' not found or unable to stat
[Mon Feb 08 13:06:37.155112 2021] [php7:error] [pid 27020] [client 112.124.50.80:48511] script '/var/www/camagru-ik.cf/html/conf.php' not found or unable to stat
[Mon Feb 08 13:06:37.530105 2021] [php7:error] [pid 27020] [client 112.124.50.80:48511] script '/var/www/camagru-ik.cf/html/dashu.php' not found or unable to stat
[Mon Feb 08 13:06:37.907694 2021] [php7:error] [pid 27020] [client 112.124.50.80:48511] script '/var/www/camagru-ik.cf/html/shell.php' not found or unable to stat
[Mon Feb 08 13:06:38.287693 2021] [php7:error] [pid 27020] [client 112.124.50.80:48511] script '/var/www/camagru-ik.cf/html/queqiao.php' not found or unable to stat
[Mon Feb 08 13:06:38.667304 2021] [php7:error] [pid 27020] [client 112.124.50.80:48511] script '/var/www/camagru-ik.cf/html/12345.php' not found or unable to stat
[Mon Feb 08 13:06:39.625227 2021] [php7:error] [pid 27020] [client 112.124.50.80:48511] script '/var/www/camagru-ik.cf/html/qqq.php' not found or unable to stat
[Mon Feb 08 13:06:40.005746 2021] [php7:error] [pid 27020] [client 112.124.50.80:48511] script '/var/www/camagru-ik.cf/html/15.php' not found or unable to stat
[Mon Feb 08 13:06:40.385963 2021] [php7:error] [pid 27020] [client 112.124.50.80:48511] script '/var/www/camagru-ik.cf/html/slider.php' not found or unable to stat
[Mon Feb 08 13:06:40.766438 2021] [php7:error] [pid 27020] [client 112.124.50.80:48511] script '/var/www/camagru-ik.cf/html/qunhuang.php' not found or unable to stat
[Mon Feb 08 13:06:41.145397 2021] [php7:error] [pid 27020] [client 112.124.50.80:48511] script '/var/www/camagru-ik.cf/html/hannan.php' not found or unable to stat
[Mon Feb 08 13:06:42.109240 2021] [php7:error] [pid 27020] [client 112.124.50.80:48511] script '/var/www/camagru-ik.cf/html/confie.php' not found or unable to stat
[Mon Feb 08 13:06:43.087988 2021] [php7:error] [pid 27020] [client 112.124.50.80:48511] script '/var/www/camagru-ik.cf/html/igo.php' not found or unable to stat
[Mon Feb 08 13:06:43.464623 2021] [php7:error] [pid 27020] [client 112.124.50.80:48511] script '/var/www/camagru-ik.cf/html/code.php' not found or unable to stat
[Mon Feb 08 13:06:43.836751 2021] [php7:error] [pid 27020] [client 112.124.50.80:48511] script '/var/www/camagru-ik.cf/html/ss.php' not found or unable to stat
[Mon Feb 08 13:06:44.207818 2021] [php7:error] [pid 27020] [client 112.124.50.80:48511] script '/var/www/camagru-ik.cf/html/php.php' not found or unable to stat
[Mon Feb 08 13:06:44.577760 2021] [php7:error] [pid 27020] [client 112.124.50.80:48511] script '/var/www/camagru-ik.cf/html/about.php' not found or unable to stat
[Mon Feb 08 13:06:44.946700 2021] [php7:error] [pid 27020] [client 112.124.50.80:48511] script '/var/www/camagru-ik.cf/html/incs.php' not found or unable to stat
[Mon Feb 08 13:06:45.314902 2021] [php7:error] [pid 27020] [client 112.124.50.80:48511] script '/var/www/camagru-ik.cf/html/159.php' not found or unable to stat
[Mon Feb 08 13:06:45.687318 2021] [php7:error] [pid 27020] [client 112.124.50.80:48511] script '/var/www/camagru-ik.cf/html/test.php' not found or unable to stat
[Mon Feb 08 13:06:47.280157 2021] [php7:error] [pid 27020] [client 112.124.50.80:48511] script '/var/www/camagru-ik.cf/html/test1.php' not found or unable to stat
[Mon Feb 08 13:06:50.311394 2021] [php7:error] [pid 27020] [client 112.124.50.80:48511] script '/var/www/camagru-ik.cf/html/webconfig.txt.php' not found or unable to stat
[Mon Feb 08 13:06:51.064070 2021] [php7:error] [pid 27020] [client 112.124.50.80:48511] script '/var/www/camagru-ik.cf/html/api.php' not found or unable to stat
[Mon Feb 08 13:06:51.439797 2021] [php7:error] [pid 27020] [client 112.124.50.80:48511] script '/var/www/camagru-ik.cf/html/luso.php' not found or unable to stat
[Mon Feb 08 13:06:51.816776 2021] [php7:error] [pid 27020] [client 112.124.50.80:48511] script '/var/www/camagru-ik.cf/html/1ndex.php' not found or unable to stat
[Mon Feb 08 13:06:52.198693 2021] [php7:error] [pid 27020] [client 112.124.50.80:48511] script '/var/www/camagru-ik.cf/html/indexbak.php' not found or unable to stat
[Mon Feb 08 13:06:52.577068 2021] [php7:error] [pid 27020] [client 112.124.50.80:48511] script '/var/www/camagru-ik.cf/html/4o4.php' not found or unable to stat
[Mon Feb 08 13:06:52.955165 2021] [php7:error] [pid 27020] [client 112.124.50.80:48511] script '/var/www/camagru-ik.cf/html/xmlrpc.php' not found or unable to stat
[Mon Feb 08 13:07:15.774683 2021] [php7:error] [pid 27021] [client 112.124.50.80:58664] script '/var/www/camagru-ik.cf/html/dong.php' not found or unable to stat
[Mon Feb 08 13:07:16.147918 2021] [php7:error] [pid 27021] [client 112.124.50.80:58664] script '/var/www/camagru-ik.cf/html/xun.php' not found or unable to stat
[Mon Feb 08 13:07:18.739013 2021] [php7:error] [pid 27021] [client 112.124.50.80:58664] script '/var/www/camagru-ik.cf/html/datas.php' not found or unable to stat
[Mon Feb 08 13:07:19.114894 2021] [php7:error] [pid 27021] [client 112.124.50.80:58664] script '/var/www/camagru-ik.cf/html/aojiao.php' not found or unable to stat
[Mon Feb 08 13:07:19.495936 2021] [php7:error] [pid 27021] [client 112.124.50.80:58664] script '/var/www/camagru-ik.cf/html/guipu.php' not found or unable to stat
[Mon Feb 08 13:07:19.872811 2021] [php7:error] [pid 27021] [client 112.124.50.80:58664] script '/var/www/camagru-ik.cf/html/zhui.php' not found or unable to stat
[Mon Feb 08 13:07:21.390603 2021] [php7:error] [pid 27021] [client 112.124.50.80:58664] script '/var/www/camagru-ik.cf/html/ji.php' not found or unable to stat
[Mon Feb 08 13:07:21.767882 2021] [php7:error] [pid 27021] [client 112.124.50.80:58664] script '/var/www/camagru-ik.cf/html/xing.php' not found or unable to stat
[Mon Feb 08 13:07:23.241757 2021] [php7:error] [pid 27021] [client 112.124.50.80:58664] script '/var/www/camagru-ik.cf/html/c.php' not found or unable to stat
[Mon Feb 08 13:07:24.201745 2021] [php7:error] [pid 27021] [client 112.124.50.80:58664] script '/var/www/camagru-ik.cf/html/c.php' not found or unable to stat
[Mon Feb 08 13:07:24.573553 2021] [php7:error] [pid 27021] [client 112.124.50.80:58664] script '/var/www/camagru-ik.cf/html/test.php' not found or unable to stat
[Mon Feb 08 13:07:24.946237 2021] [php7:error] [pid 27021] [client 112.124.50.80:58664] script '/var/www/camagru-ik.cf/html/laobiao.php' not found or unable to stat
[Mon Feb 08 13:07:25.926531 2021] [php7:error] [pid 27021] [client 112.124.50.80:58664] script '/var/www/camagru-ik.cf/html/sample.php' not found or unable to stat
[Mon Feb 08 13:07:31.391187 2021] [php7:error] [pid 27021] [client 112.124.50.80:58664] script '/var/www/camagru-ik.cf/html/shell.php' not found or unable to stat
[Mon Feb 08 13:07:32.120796 2021] [php7:error] [pid 27021] [client 112.124.50.80:58664] script '/var/www/camagru-ik.cf/html/12.php' not found or unable to stat
[Mon Feb 08 13:07:32.481087 2021] [php7:error] [pid 27021] [client 112.124.50.80:58664] script '/var/www/camagru-ik.cf/html/ecmsmod.php' not found or unable to stat
[Mon Feb 08 13:07:37.462499 2021] [php7:error] [pid 27021] [client 112.124.50.80:58664] script '/var/www/camagru-ik.cf/html/user.php' not found or unable to stat, referer: 554fcae493e564ee0dc75bdf2ebf94caads|a:3:{s:2:"id";s:3:"'/*";s:3:"num";s:141:"*/ union select 1,0x272F2A,3,4,5,6,7,8,0x7b247b24524345275d3b6469652f2a2a2f286d6435284449524543544f52595f534550415241544f5229293b2f2f7d7d,0--";s:4:"name";s:3:"ads";}554fcae493e564ee0dc75bdf2ebf94ca
[Mon Feb 08 13:13:32.374874 2021] [php7:notice] [pid 27024] [client 62.251.161.88:60585] PHP Notice:  Undefined property: stdClass::$username in /var/www/camagru-ik.cf/html/api/post/check_creds.php on line 23, referer: https://camagru-ik.cf/forms/signin.php
[Mon Feb 08 13:13:32.581384 2021] [php7:notice] [pid 27024] [client 62.251.161.88:60585] PHP Notice:  session_start(): A session had already been started - ignoring in /var/www/camagru-ik.cf/html/config/database.php on line 19, referer: https://camagru-ik.cf/forms/signin.php
[Mon Feb 08 13:13:32.799164 2021] [php7:notice] [pid 27024] [client 62.251.161.88:60585] PHP Notice:  session_start(): A session had already been started - ignoring in /var/www/camagru-ik.cf/html/config/database.php on line 19, referer: https://camagru-ik.cf/forms/signin.php
[Mon Feb 08 13:13:32.799234 2021] [php7:notice] [pid 27024] [client 62.251.161.88:60585] PHP Notice:  Only variables should be passed by reference in /var/www/camagru-ik.cf/html/models/User.php on line 401, referer: https://camagru-ik.cf/forms/signin.php
[Mon Feb 08 13:13:37.534952 2021] [php7:notice] [pid 27520] [client 62.251.161.88:13683] PHP Notice:  session_start(): A session had already been started - ignoring in /var/www/camagru-ik.cf/html/config/database.php on line 19, referer: https://camagru-ik.cf/forms/gallery.php
[Mon Feb 08 13:13:37.741797 2021] [php7:notice] [pid 28991] [client 62.251.161.88:15375] PHP Notice:  Trying to access array offset on value of type bool in /var/www/camagru-ik.cf/html/models/User.php on line 703, referer: https://camagru-ik.cf/forms/gallery.php
[Mon Feb 08 13:13:38.147707 2021] [php7:notice] [pid 28991] [client 62.251.161.88:15375] PHP Notice:  Trying to access array offset on value of type bool in /var/www/camagru-ik.cf/html/models/User.php on line 703, referer: https://camagru-ik.cf/forms/gallery.php
[Mon Feb 08 13:15:44.922510 2021] [php7:notice] [pid 28991] [client 62.251.161.88:26485] PHP Notice:  Undefined index: link in /var/www/camagru-ik.cf/html/forms/comment.php on line 4, referer: https://camagru-ik.cf/forms/gallery.php
[Mon Feb 08 13:15:51.389340 2021] [php7:notice] [pid 27023] [client 62.251.161.88:64696] PHP Notice:  Undefined index: link in /var/www/camagru-ik.cf/html/forms/comment.php on line 4
[Mon Feb 08 13:15:51.389365 2021] [php7:notice] [pid 27023] [client 62.251.161.88:64696] PHP Notice:  Undefined index: auth in /var/www/camagru-ik.cf/html/forms/comment.php on line 6
[Mon Feb 08 13:16:09.777105 2021] [php7:notice] [pid 28996] [client 62.251.161.88:35867] PHP Notice:  Undefined index: link in /var/www/camagru-ik.cf/html/forms/comment.php on line 4
[Mon Feb 08 13:16:09.777154 2021] [php7:notice] [pid 28996] [client 62.251.161.88:35867] PHP Notice:  Undefined index: auth in /var/www/camagru-ik.cf/html/forms/comment.php on line 6
[Mon Feb 08 13:16:21.327601 2021] [php7:notice] [pid 28997] [client 62.251.161.88:62946] PHP Notice:  session_start(): A session had already been started - ignoring in /var/www/camagru-ik.cf/html/config/database.php on line 19, referer: https://camagru-ik.cf/forms/gallery.php
[Mon Feb 08 13:16:21.527276 2021] [php7:notice] [pid 27519] [client 62.251.161.88:54789] PHP Notice:  Trying to access array offset on value of type bool in /var/www/camagru-ik.cf/html/models/User.php on line 703, referer: https://camagru-ik.cf/forms/gallery.php
[Mon Feb 08 13:16:21.927939 2021] [php7:notice] [pid 27519] [client 62.251.161.88:54789] PHP Notice:  Trying to access array offset on value of type bool in /var/www/camagru-ik.cf/html/models/User.php on line 703, referer: https://camagru-ik.cf/forms/gallery.php
[Mon Feb 08 13:16:25.087998 2021] [php7:notice] [pid 27021] [client 62.251.161.88:5323] PHP Notice:  Undefined index: auth in /var/www/camagru-ik.cf/html/forms/gallery.php on line 4
[Mon Feb 08 13:18:28.205030 2021] [php7:notice] [pid 27020] [client 62.251.161.88:27362] PHP Notice:  session_start(): A session had already been started - ignoring in /var/www/camagru-ik.cf/html/config/database.php on line 19, referer: https://camagru-ik.cf/forms/gallery.php
[Mon Feb 08 13:18:28.206824 2021] [php7:notice] [pid 28994] [client 62.251.161.88:31110] PHP Notice:  Trying to access array offset on value of type bool in /var/www/camagru-ik.cf/html/models/User.php on line 684, referer: https://camagru-ik.cf/forms/gallery.php
[Mon Feb 08 13:18:28.207406 2021] [php7:notice] [pid 27023] [client 62.251.161.88:56739] PHP Notice:  Trying to access array offset on value of type bool in /var/www/camagru-ik.cf/html/models/User.php on line 615, referer: https://camagru-ik.cf/forms/gallery.php
[Mon Feb 08 13:18:28.394861 2021] [php7:notice] [pid 28993] [client 62.251.161.88:12586] PHP Notice:  Trying to access array offset on value of type bool in /var/www/camagru-ik.cf/html/models/User.php on line 684, referer: https://camagru-ik.cf/forms/gallery.php
[Mon Feb 08 13:18:28.401787 2021] [php7:notice] [pid 27020] [client 62.251.161.88:27362] PHP Notice:  Trying to access array offset on value of type bool in /var/www/camagru-ik.cf/html/models/User.php on line 615, referer: https://camagru-ik.cf/forms/gallery.php
[Mon Feb 08 13:18:28.404794 2021] [php7:notice] [pid 27023] [client 62.251.161.88:56739] PHP Notice:  Trying to access array offset on value of type bool in /var/www/camagru-ik.cf/html/models/User.php on line 703, referer: https://camagru-ik.cf/forms/gallery.php
[Mon Feb 08 13:18:28.801275 2021] [php7:notice] [pid 27023] [client 62.251.161.88:56739] PHP Notice:  Trying to access array offset on value of type bool in /var/www/camagru-ik.cf/html/models/User.php on line 703, referer: https://camagru-ik.cf/forms/gallery.php
[Mon Feb 08 13:18:29.196818 2021] [php7:notice] [pid 27023] [client 62.251.161.88:56739] PHP Notice:  Trying to access array offset on value of type bool in /var/www/camagru-ik.cf/html/models/User.php on line 703, referer: https://camagru-ik.cf/forms/gallery.php
[Mon Feb 08 13:18:44.133862 2021] [php7:notice] [pid 29000] [client 62.251.161.88:39415] PHP Notice:  session_start(): A session had already been started - ignoring in /var/www/camagru-ik.cf/html/config/database.php on line 19, referer: https://camagru-ik.cf/forms/gallery.php
[Mon Feb 08 13:18:44.331571 2021] [php7:notice] [pid 29000] [client 62.251.161.88:39415] PHP Notice:  Trying to access array offset on value of type bool in /var/www/camagru-ik.cf/html/models/User.php on line 615, referer: https://camagru-ik.cf/forms/gallery.php
[Mon Feb 08 13:18:44.522212 2021] [php7:notice] [pid 28997] [client 62.251.161.88:35473] PHP Notice:  Trying to access array offset on value of type bool in /var/www/camagru-ik.cf/html/models/User.php on line 684, referer: https://camagru-ik.cf/forms/gallery.php
[Mon Feb 08 13:18:44.526628 2021] [php7:notice] [pid 28991] [client 62.251.161.88:11174] PHP Notice:  Trying to access array offset on value of type bool in /var/www/camagru-ik.cf/html/models/User.php on line 703, referer: https://camagru-ik.cf/forms/gallery.php
[Mon Feb 08 13:18:44.528206 2021] [php7:notice] [pid 29000] [client 62.251.161.88:39415] PHP Notice:  Trying to access array offset on value of type bool in /var/www/camagru-ik.cf/html/models/User.php on line 615, referer: https://camagru-ik.cf/forms/gallery.php
[Mon Feb 08 13:18:44.717238 2021] [php7:notice] [pid 27519] [client 62.251.161.88:47149] PHP Notice:  Trying to access array offset on value of type bool in /var/www/camagru-ik.cf/html/models/User.php on line 684, referer: https://camagru-ik.cf/forms/gallery.php
[Mon Feb 08 13:18:44.926375 2021] [php7:notice] [pid 29000] [client 62.251.161.88:39415] PHP Notice:  Trying to access array offset on value of type bool in /var/www/camagru-ik.cf/html/models/User.php on line 703, referer: https://camagru-ik.cf/forms/gallery.php
[Mon Feb 08 13:18:45.326786 2021] [php7:notice] [pid 29000] [client 62.251.161.88:39415] PHP Notice:  Trying to access array offset on value of type bool in /var/www/camagru-ik.cf/html/models/User.php on line 703, referer: https://camagru-ik.cf/forms/gallery.php
[Mon Feb 08 13:19:19.692853 2021] [php7:notice] [pid 28994] [client 62.251.161.88:60352] PHP Notice:  Trying to access array offset on value of type bool in /var/www/camagru-ik.cf/html/models/User.php on line 703, referer: https://camagru-ik.cf/forms/gallery.php
[Mon Feb 08 13:20:07.406227 2021] [php7:notice] [pid 28997] [client 62.251.161.88:56488] PHP Notice:  session_start(): A session had already been started - ignoring in /var/www/camagru-ik.cf/html/config/database.php on line 19, referer: https://camagru-ik.cf/forms/gallery.php
[Mon Feb 08 13:20:07.594887 2021] [php7:notice] [pid 28997] [client 62.251.161.88:56488] PHP Notice:  Trying to access array offset on value of type bool in /var/www/camagru-ik.cf/html/models/User.php on line 615, referer: https://camagru-ik.cf/forms/gallery.php
[Mon Feb 08 13:20:07.781459 2021] [php7:notice] [pid 28991] [client 62.251.161.88:16684] PHP Notice:  Trying to access array offset on value of type bool in /var/www/camagru-ik.cf/html/models/User.php on line 684, referer: https://camagru-ik.cf/forms/gallery.php
[Mon Feb 08 13:20:07.783223 2021] [php7:notice] [pid 28997] [client 62.251.161.88:56488] PHP Notice:  Trying to access array offset on value of type bool in /var/www/camagru-ik.cf/html/models/User.php on line 703, referer: https://camagru-ik.cf/forms/gallery.php
[Mon Feb 08 13:20:07.789608 2021] [php7:notice] [pid 27519] [client 62.251.161.88:34564] PHP Notice:  Trying to access array offset on value of type bool in /var/www/camagru-ik.cf/html/models/User.php on line 615, referer: https://camagru-ik.cf/forms/gallery.php
[Mon Feb 08 13:20:07.969698 2021] [php7:notice] [pid 28991] [client 62.251.161.88:16684] PHP Notice:  Trying to access array offset on value of type bool in /var/www/camagru-ik.cf/html/models/User.php on line 684, referer: https://camagru-ik.cf/forms/gallery.php
[Mon Feb 08 13:20:08.166285 2021] [php7:notice] [pid 28997] [client 62.251.161.88:56488] PHP Notice:  Trying to access array offset on value of type bool in /var/www/camagru-ik.cf/html/models/User.php on line 703, referer: https://camagru-ik.cf/forms/gallery.php
[Mon Feb 08 13:20:08.549280 2021] [php7:notice] [pid 28997] [client 62.251.161.88:56488] PHP Notice:  Trying to access array offset on value of type bool in /var/www/camagru-ik.cf/html/models/User.php on line 703, referer: https://camagru-ik.cf/forms/gallery.php
[Mon Feb 08 13:20:13.282368 2021] [php7:notice] [pid 28997] [client 62.251.161.88:56488] PHP Notice:  Trying to access array offset on value of type bool in /var/www/camagru-ik.cf/html/models/User.php on line 703, referer: https://camagru-ik.cf/forms/gallery.php
[Mon Feb 08 13:20:15.009231 2021] [php7:notice] [pid 28997] [client 62.251.161.88:56488] PHP Notice:  session_start(): A session had already been started - ignoring in /var/www/camagru-ik.cf/html/config/database.php on line 19, referer: https://camagru-ik.cf/forms/gallery.php
[Mon Feb 08 13:20:15.010956 2021] [php7:notice] [pid 29000] [client 62.251.161.88:32437] PHP Notice:  Trying to access array offset on value of type bool in /var/www/camagru-ik.cf/html/models/User.php on line 615, referer: https://camagru-ik.cf/forms/gallery.php
[Mon Feb 08 13:20:15.011714 2021] [php7:notice] [pid 27021] [client 62.251.161.88:34096] PHP Notice:  Trying to access array offset on value of type bool in /var/www/camagru-ik.cf/html/models/User.php on line 684, referer: https://camagru-ik.cf/forms/gallery.php
[Mon Feb 08 13:20:15.199599 2021] [php7:notice] [pid 28997] [client 62.251.161.88:56488] PHP Notice:  Trying to access array offset on value of type bool in /var/www/camagru-ik.cf/html/models/User.php on line 615, referer: https://camagru-ik.cf/forms/gallery.php
[Mon Feb 08 13:20:15.200170 2021] [php7:notice] [pid 29000] [client 62.251.161.88:32437] PHP Notice:  Trying to access array offset on value of type bool in /var/www/camagru-ik.cf/html/models/User.php on line 684, referer: https://camagru-ik.cf/forms/gallery.php
[Mon Feb 08 13:20:15.202174 2021] [php7:notice] [pid 27021] [client 62.251.161.88:34096] PHP Notice:  Trying to access array offset on value of type bool in /var/www/camagru-ik.cf/html/models/User.php on line 703, referer: https://camagru-ik.cf/forms/gallery.php
[Mon Feb 08 13:20:15.585626 2021] [php7:notice] [pid 27021] [client 62.251.161.88:34096] PHP Notice:  Trying to access array offset on value of type bool in /var/www/camagru-ik.cf/html/models/User.php on line 703, referer: https://camagru-ik.cf/forms/gallery.php
[Mon Feb 08 13:20:15.968601 2021] [php7:notice] [pid 27021] [client 62.251.161.88:34096] PHP Notice:  Trying to access array offset on value of type bool in /var/www/camagru-ik.cf/html/models/User.php on line 703, referer: https://camagru-ik.cf/forms/gallery.php
[Mon Feb 08 13:20:17.970863 2021] [php7:notice] [pid 27021] [client 62.251.161.88:34096] PHP Notice:  Trying to access array offset on value of type bool in /var/www/camagru-ik.cf/html/models/User.php on line 703, referer: https://camagru-ik.cf/forms/gallery.php
[Mon Feb 08 13:20:19.596115 2021] [php7:notice] [pid 27021] [client 62.251.161.88:34096] PHP Notice:  session_start(): A session had already been started - ignoring in /var/www/camagru-ik.cf/html/config/database.php on line 19, referer: https://camagru-ik.cf/forms/gallery.php
[Mon Feb 08 13:20:19.597250 2021] [php7:notice] [pid 29000] [client 62.251.161.88:32437] PHP Notice:  Trying to access array offset on value of type bool in /var/www/camagru-ik.cf/html/models/User.php on line 615, referer: https://camagru-ik.cf/forms/gallery.php
[Mon Feb 08 13:20:19.598822 2021] [php7:notice] [pid 28997] [client 62.251.161.88:56488] PHP Notice:  Trying to access array offset on value of type bool in /var/www/camagru-ik.cf/html/models/User.php on line 684, referer: https://camagru-ik.cf/forms/gallery.php
[Mon Feb 08 13:20:19.785684 2021] [php7:notice] [pid 27021] [client 62.251.161.88:34096] PHP Notice:  Trying to access array offset on value of type bool in /var/www/camagru-ik.cf/html/models/User.php on line 615, referer: https://camagru-ik.cf/forms/gallery.php
[Mon Feb 08 13:20:19.786187 2021] [php7:notice] [pid 29000] [client 62.251.161.88:32437] PHP Notice:  Trying to access array offset on value of type bool in /var/www/camagru-ik.cf/html/models/User.php on line 684, referer: https://camagru-ik.cf/forms/gallery.php
[Mon Feb 08 13:20:19.788853 2021] [php7:notice] [pid 28997] [client 62.251.161.88:56488] PHP Notice:  Trying to access array offset on value of type bool in /var/www/camagru-ik.cf/html/models/User.php on line 703, referer: https://camagru-ik.cf/forms/gallery.php
[Mon Feb 08 13:20:20.172406 2021] [php7:notice] [pid 28997] [client 62.251.161.88:56488] PHP Notice:  Trying to access array offset on value of type bool in /var/www/camagru-ik.cf/html/models/User.php on line 703, referer: https://camagru-ik.cf/forms/gallery.php
[Mon Feb 08 13:20:20.554253 2021] [php7:notice] [pid 28997] [client 62.251.161.88:56488] PHP Notice:  Trying to access array offset on value of type bool in /var/www/camagru-ik.cf/html/models/User.php on line 703, referer: https://camagru-ik.cf/forms/gallery.php
[Mon Feb 08 13:29:11.543260 2021] [php7:notice] [pid 28991] [client 62.251.161.88:7557] PHP Notice:  Undefined index: auth in /var/www/camagru-ik.cf/html/forms/gallery.php on line 5, referer: https://camagru-ik.cf/forms/gallery.php
[Mon Feb 08 13:29:12.168147 2021] [php7:notice] [pid 28991] [client 62.251.161.88:7557] PHP Notice:  session_start(): A session had already been started - ignoring in /var/www/camagru-ik.cf/html/config/database.php on line 19, referer: https://camagru-ik.cf/forms/gallery_logged_out.php
[Mon Feb 08 13:29:12.169735 2021] [php7:notice] [pid 28994] [client 62.251.161.88:61770] PHP Notice:  Trying to access array offset on value of type bool in /var/www/camagru-ik.cf/html/models/User.php on line 615, referer: https://camagru-ik.cf/forms/gallery_logged_out.php
[Mon Feb 08 13:29:12.357965 2021] [php7:notice] [pid 28994] [client 62.251.161.88:61770] PHP Notice:  Trying to access array offset on value of type bool in /var/www/camagru-ik.cf/html/models/User.php on line 684, referer: https://camagru-ik.cf/forms/gallery_logged_out.php
[Mon Feb 08 13:29:12.371504 2021] [php7:notice] [pid 28991] [client 62.251.161.88:7557] PHP Notice:  Trying to access array offset on value of type bool in /var/www/camagru-ik.cf/html/models/User.php on line 703, referer: https://camagru-ik.cf/forms/gallery_logged_out.php
[Mon Feb 08 13:29:12.773999 2021] [php7:notice] [pid 28991] [client 62.251.161.88:7557] PHP Notice:  Trying to access array offset on value of type bool in /var/www/camagru-ik.cf/html/models/User.php on line 703, referer: https://camagru-ik.cf/forms/gallery_logged_out.php
[Mon Feb 08 13:29:13.174550 2021] [php7:notice] [pid 28991] [client 62.251.161.88:7557] PHP Notice:  Trying to access array offset on value of type bool in /var/www/camagru-ik.cf/html/models/User.php on line 703, referer: https://camagru-ik.cf/forms/gallery_logged_out.php
[Mon Feb 08 13:29:52.911190 2021] [php7:notice] [pid 29048] [client 62.251.161.88:33925] PHP Notice:  session_start(): A session had already been started - ignoring in /var/www/camagru-ik.cf/html/config/database.php on line 19, referer: https://camagru-ik.cf/forms/gallery_logged_out.php
[Mon Feb 08 13:30:42.151253 2021] [php7:notice] [pid 28997] [client 62.251.161.88:64336] PHP Notice:  session_start(): A session had already been started - ignoring in /var/www/camagru-ik.cf/html/config/database.php on line 19, referer: https://camagru-ik.cf/forms/gallery_logged_out.php
[Mon Feb 08 13:30:50.878093 2021] [php7:notice] [pid 28994] [client 62.251.161.88:30088] PHP Notice:  session_start(): A session had already been started - ignoring in /var/www/camagru-ik.cf/html/config/database.php on line 19, referer: https://camagru-ik.cf/forms/gallery_logged_out.php
[Mon Feb 08 13:33:07.614012 2021] [php7:notice] [pid 28997] [client 62.251.161.88:25488] PHP Notice:  session_start(): A session had already been started - ignoring in /var/www/camagru-ik.cf/html/config/database.php on line 19, referer: https://camagru-ik.cf/forms/gallery.php
[Mon Feb 08 13:33:07.815239 2021] [php7:notice] [pid 28991] [client 62.251.161.88:25843] PHP Notice:  Trying to access array offset on value of type bool in /var/www/camagru-ik.cf/html/models/User.php on line 703, referer: https://camagru-ik.cf/forms/gallery.php
[Mon Feb 08 13:33:08.219681 2021] [php7:notice] [pid 28991] [client 62.251.161.88:25843] PHP Notice:  Trying to access array offset on value of type bool in /var/www/camagru-ik.cf/html/models/User.php on line 703, referer: https://camagru-ik.cf/forms/gallery.php
[Mon Feb 08 13:33:11.059983 2021] [php7:notice] [pid 28991] [client 62.251.161.88:25843] PHP Notice:  Trying to access array offset on value of type bool in /var/www/camagru-ik.cf/html/models/User.php on line 703, referer: https://camagru-ik.cf/forms/gallery.php
[Mon Feb 08 13:33:18.230132 2021] [php7:notice] [pid 27021] [client 62.251.161.88:59232] PHP Notice:  session_start(): A session had already been started - ignoring in /var/www/camagru-ik.cf/html/config/database.php on line 19, referer: https://camagru-ik.cf/forms/gallery.php
[Mon Feb 08 13:33:18.610374 2021] [php7:notice] [pid 29050] [client 62.251.161.88:34042] PHP Notice:  Trying to access array offset on value of type bool in /var/www/camagru-ik.cf/html/models/User.php on line 703, referer: https://camagru-ik.cf/forms/gallery.php
[Mon Feb 08 13:33:21.317233 2021] [php7:notice] [pid 27021] [client 62.251.161.88:59232] PHP Notice:  Trying to access array offset on value of type bool in /var/www/camagru-ik.cf/html/models/User.php on line 703, referer: https://camagru-ik.cf/forms/gallery.php
[Mon Feb 08 13:33:23.888021 2021] [php7:notice] [pid 27021] [client 62.251.161.88:59232] PHP Notice:  session_start(): A session had already been started - ignoring in /var/www/camagru-ik.cf/html/config/database.php on line 19, referer: https://camagru-ik.cf/forms/gallery.php
[Mon Feb 08 13:33:28.911376 2021] [php7:notice] [pid 27519] [client 62.251.161.88:20898] PHP Notice:  session_start(): A session had already been started - ignoring in /var/www/camagru-ik.cf/html/config/database.php on line 19, referer: https://camagru-ik.cf/forms/gallery.php
[Mon Feb 08 13:33:29.492399 2021] [php7:notice] [pid 27021] [client 62.251.161.88:59232] PHP Notice:  Trying to access array offset on value of type bool in /var/www/camagru-ik.cf/html/models/User.php on line 703, referer: https://camagru-ik.cf/forms/gallery.php
[Mon Feb 08 13:37:02.461599 2021] [php7:notice] [pid 29000] [client 62.251.161.88:1689] PHP Notice:  session_start(): A session had already been started - ignoring in /var/www/camagru-ik.cf/html/config/database.php on line 19, referer: https://camagru-ik.cf/forms/gallery.php
[Mon Feb 08 13:37:03.054992 2021] [php7:notice] [pid 28994] [client 62.251.161.88:53264] PHP Notice:  Trying to access array offset on value of type bool in /var/www/camagru-ik.cf/html/models/User.php on line 703, referer: https://camagru-ik.cf/forms/gallery.php
[Mon Feb 08 13:37:05.498881 2021] [php7:notice] [pid 28994] [client 62.251.161.88:53264] PHP Notice:  Trying to access array offset on value of type bool in /var/www/camagru-ik.cf/html/models/User.php on line 703, referer: https://camagru-ik.cf/forms/gallery.php
[Mon Feb 08 13:37:13.090019 2021] [php7:notice] [pid 29674] [client 62.251.161.88:5571] PHP Notice:  session_start(): A session had already been started - ignoring in /var/www/camagru-ik.cf/html/config/database.php on line 19, referer: https://camagru-ik.cf/forms/gallery.php
[Mon Feb 08 13:37:13.692529 2021] [php7:notice] [pid 28994] [client 62.251.161.88:53264] PHP Notice:  Trying to access array offset on value of type bool in /var/www/camagru-ik.cf/html/models/User.php on line 703, referer: https://camagru-ik.cf/forms/gallery.php
[Mon Feb 08 13:37:15.003273 2021] [php7:notice] [pid 28994] [client 62.251.161.88:53264] PHP Notice:  Trying to access array offset on value of type bool in /var/www/camagru-ik.cf/html/models/User.php on line 703, referer: https://camagru-ik.cf/forms/gallery.php
[Mon Feb 08 13:37:34.732747 2021] [php7:notice] [pid 29000] [client 62.251.161.88:44314] PHP Notice:  session_start(): A session had already been started - ignoring in /var/www/camagru-ik.cf/html/config/database.php on line 19, referer: https://camagru-ik.cf/forms/gallery_logged_out.php
[Mon Feb 08 13:37:39.164127 2021] [php7:notice] [pid 28991] [client 62.251.161.88:8095] PHP Notice:  session_start(): A session had already been started - ignoring in /var/www/camagru-ik.cf/html/config/database.php on line 19, referer: https://camagru-ik.cf/forms/gallery_logged_out.php
[Mon Feb 08 13:37:43.452337 2021] [php7:notice] [pid 29048] [client 62.251.161.88:63073] PHP Notice:  session_start(): A session had already been started - ignoring in /var/www/camagru-ik.cf/html/config/database.php on line 19, referer: https://camagru-ik.cf/forms/gallery.php
[Mon Feb 08 13:37:51.401295 2021] [php7:notice] [pid 28994] [client 62.251.161.88:61567] PHP Notice:  session_start(): A session had already been started - ignoring in /var/www/camagru-ik.cf/html/config/database.php on line 19, referer: https://camagru-ik.cf/forms/gallery.php
[Mon Feb 08 13:37:52.007404 2021] [php7:notice] [pid 28994] [client 62.251.161.88:61567] PHP Notice:  Trying to access array offset on value of type bool in /var/www/camagru-ik.cf/html/models/User.php on line 703, referer: https://camagru-ik.cf/forms/gallery.php
[Mon Feb 08 13:37:54.266792 2021] [php7:notice] [pid 28994] [client 62.251.161.88:61567] PHP Notice:  Trying to access array offset on value of type bool in /var/www/camagru-ik.cf/html/models/User.php on line 703, referer: https://camagru-ik.cf/forms/gallery.php
[Mon Feb 08 13:38:01.574300 2021] [php7:notice] [pid 29709] [client 62.251.161.88:57762] PHP Notice:  session_start(): A session had already been started - ignoring in /var/www/camagru-ik.cf/html/config/database.php on line 19, referer: https://camagru-ik.cf/forms/gallery.php
[Mon Feb 08 13:39:09.644705 2021] [php7:notice] [pid 29000] [client 62.251.161.88:28310] PHP Notice:  session_start(): A session had already been started - ignoring in /var/www/camagru-ik.cf/html/config/database.php on line 19, referer: https://camagru-ik.cf/forms/gallery_logged_out.php
[Mon Feb 08 13:39:13.713764 2021] [php7:notice] [pid 29686] [client 62.251.161.88:49707] PHP Notice:  session_start(): A session had already been started - ignoring in /var/www/camagru-ik.cf/html/config/database.php on line 19, referer: https://camagru-ik.cf/forms/gallery.php
[Mon Feb 08 13:39:14.295579 2021] [php7:notice] [pid 28991] [client 62.251.161.88:40382] PHP Notice:  Trying to access array offset on value of type bool in /var/www/camagru-ik.cf/html/models/User.php on line 703, referer: https://camagru-ik.cf/forms/gallery.php
[Mon Feb 08 13:39:16.282073 2021] [php7:notice] [pid 28991] [client 62.251.161.88:40382] PHP Notice:  Trying to access array offset on value of type bool in /var/www/camagru-ik.cf/html/models/User.php on line 703, referer: https://camagru-ik.cf/forms/gallery.php
[Mon Feb 08 13:39:37.977935 2021] [php7:notice] [pid 29000] [client 62.251.161.88:26865] PHP Notice:  session_start(): A session had already been started - ignoring in /var/www/camagru-ik.cf/html/config/database.php on line 19, referer: https://camagru-ik.cf/forms/gallery.php
[Mon Feb 08 13:40:05.542790 2021] [php7:notice] [pid 28994] [client 62.251.161.88:15220] PHP Notice:  session_start(): A session had already been started - ignoring in /var/www/camagru-ik.cf/html/config/database.php on line 19, referer: https://camagru-ik.cf/forms/gallery_logged_out.php
[Mon Feb 08 13:40:07.259299 2021] [php7:notice] [pid 29048] [client 62.251.161.88:42503] PHP Notice:  session_start(): A session had already been started - ignoring in /var/www/camagru-ik.cf/html/config/database.php on line 19, referer: https://camagru-ik.cf/forms/gallery.php
[Mon Feb 08 13:40:07.870683 2021] [php7:notice] [pid 29711] [client 62.251.161.88:38374] PHP Notice:  Trying to access array offset on value of type bool in /var/www/camagru-ik.cf/html/models/User.php on line 703, referer: https://camagru-ik.cf/forms/gallery.php
[Mon Feb 08 13:40:40.295132 2021] [php7:notice] [pid 28994] [client 62.251.161.88:30352] PHP Notice:  session_start(): A session had already been started - ignoring in /var/www/camagru-ik.cf/html/config/database.php on line 19, referer: https://camagru-ik.cf/forms/gallery.php
[Mon Feb 08 13:40:40.885741 2021] [php7:notice] [pid 29000] [client 62.251.161.88:26469] PHP Notice:  Trying to access array offset on value of type bool in /var/www/camagru-ik.cf/html/models/User.php on line 703, referer: https://camagru-ik.cf/forms/gallery.php
[Mon Feb 08 13:40:45.052160 2021] [php7:notice] [pid 29000] [client 62.251.161.88:26469] PHP Notice:  Trying to access array offset on value of type bool in /var/www/camagru-ik.cf/html/models/User.php on line 703, referer: https://camagru-ik.cf/forms/gallery.php
[Mon Feb 08 13:43:10.240170 2021] [php7:notice] [pid 29807] [client 62.251.161.88:23683] PHP Notice:  session_start(): A session had already been started - ignoring in /var/www/camagru-ik.cf/html/config/database.php on line 19, referer: https://camagru-ik.cf/forms/gallery.php
[Mon Feb 08 13:43:15.039481 2021] [php7:notice] [pid 29833] [client 62.251.161.88:37923] PHP Notice:  Trying to access array offset on value of type bool in /var/www/camagru-ik.cf/html/models/User.php on line 703, referer: https://camagru-ik.cf/forms/gallery.php
[Mon Feb 08 13:43:16.975942 2021] [php7:notice] [pid 29833] [client 62.251.161.88:37923] PHP Notice:  Trying to access array offset on value of type bool in /var/www/camagru-ik.cf/html/models/User.php on line 703, referer: https://camagru-ik.cf/forms/gallery.php
[Mon Feb 08 13:43:19.751346 2021] [php7:notice] [pid 29833] [client 62.251.161.88:37923] PHP Notice:  Trying to access array offset on value of type bool in /var/www/camagru-ik.cf/html/models/User.php on line 703, referer: https://camagru-ik.cf/forms/gallery.php
[Mon Feb 08 13:43:22.355624 2021] [php7:notice] [pid 29838] [client 62.251.161.88:52971] PHP Notice:  session_start(): A session had already been started - ignoring in /var/www/camagru-ik.cf/html/config/database.php on line 19, referer: https://camagru-ik.cf/forms/gallery.php
[Mon Feb 08 13:43:35.151540 2021] [php7:notice] [pid 29048] [client 62.251.161.88:61395] PHP Notice:  Trying to access array offset on value of type bool in /var/www/camagru-ik.cf/html/models/User.php on line 703, referer: https://camagru-ik.cf/forms/gallery.php
[Mon Feb 08 13:43:38.727741 2021] [php7:notice] [pid 29048] [client 62.251.161.88:61395] PHP Notice:  Trying to access array offset on value of type bool in /var/www/camagru-ik.cf/html/models/User.php on line 703, referer: https://camagru-ik.cf/forms/gallery.php
[Mon Feb 08 13:44:30.696479 2021] [php7:notice] [pid 29711] [client 62.251.161.88:21279] PHP Notice:  session_start(): A session had already been started - ignoring in /var/www/camagru-ik.cf/html/config/database.php on line 19, referer: https://camagru-ik.cf/forms/gallery.php
[Mon Feb 08 13:44:31.296873 2021] [php7:notice] [pid 29832] [client 62.251.161.88:26851] PHP Notice:  Trying to access array offset on value of type bool in /var/www/camagru-ik.cf/html/models/User.php on line 703, referer: https://camagru-ik.cf/forms/gallery.php
[Mon Feb 08 13:44:34.063223 2021] [php7:notice] [pid 29832] [client 62.251.161.88:26851] PHP Notice:  Trying to access array offset on value of type bool in /var/www/camagru-ik.cf/html/models/User.php on line 703, referer: https://camagru-ik.cf/forms/gallery.php
[Mon Feb 08 13:45:31.801963 2021] [php7:notice] [pid 29048] [client 62.251.161.88:4843] PHP Notice:  session_start(): A session had already been started - ignoring in /var/www/camagru-ik.cf/html/config/database.php on line 19, referer: https://camagru-ik.cf/forms/gallery.php
[Mon Feb 08 13:45:31.998836 2021] [php7:notice] [pid 29000] [client 62.251.161.88:32901] PHP Notice:  Trying to access array offset on value of type bool in /var/www/camagru-ik.cf/html/models/User.php on line 703, referer: https://camagru-ik.cf/forms/gallery.php
[Mon Feb 08 13:45:32.779051 2021] [php7:notice] [pid 29000] [client 62.251.161.88:32901] PHP Notice:  Trying to access array offset on value of type bool in /var/www/camagru-ik.cf/html/models/User.php on line 703, referer: https://camagru-ik.cf/forms/gallery.php
[Mon Feb 08 13:45:37.372915 2021] [php7:notice] [pid 29000] [client 62.251.161.88:32901] PHP Notice:  session_start(): A session had already been started - ignoring in /var/www/camagru-ik.cf/html/config/database.php on line 19, referer: https://camagru-ik.cf/forms/gallery.php
[Mon Feb 08 13:45:37.571643 2021] [php7:notice] [pid 29000] [client 62.251.161.88:32901] PHP Notice:  Trying to access array offset on value of type bool in /var/www/camagru-ik.cf/html/models/User.php on line 703, referer: https://camagru-ik.cf/forms/gallery.php
[Mon Feb 08 13:45:37.962889 2021] [php7:notice] [pid 29000] [client 62.251.161.88:32901] PHP Notice:  Trying to access array offset on value of type bool in /var/www/camagru-ik.cf/html/models/User.php on line 703, referer: https://camagru-ik.cf/forms/gallery.php
[Mon Feb 08 13:45:38.352599 2021] [php7:notice] [pid 29000] [client 62.251.161.88:32901] PHP Notice:  Trying to access array offset on value of type bool in /var/www/camagru-ik.cf/html/models/User.php on line 703, referer: https://camagru-ik.cf/forms/gallery.php
[Mon Feb 08 13:45:39.873877 2021] [php7:notice] [pid 29000] [client 62.251.161.88:32901] PHP Notice:  Trying to access array offset on value of type bool in /var/www/camagru-ik.cf/html/models/User.php on line 703, referer: https://camagru-ik.cf/forms/gallery.php
[Mon Feb 08 13:45:42.331792 2021] [php7:notice] [pid 29861] [client 62.251.161.88:28686] PHP Notice:  session_start(): A session had already been started - ignoring in /var/www/camagru-ik.cf/html/config/database.php on line 19, referer: https://camagru-ik.cf/forms/gallery.php
